Flow 1 risky: tcp 192.168.122.34:48987 -> 178.71.206.1:6881
