Flow 17 risky: tcp 192.168.1.3:52915 -> 198.100.146.9:60163
Flow 17 midstream: tcp 192.168.1.3:52915 -> 198.100.146.9:60163
Flow 2 risky: tcp 192.168.1.3:52887 -> 82.57.97.83:53137
Flow 2 midstream: tcp 192.168.1.3:52887 -> 82.57.97.83:53137
Flow 11 risky: tcp 192.168.1.3:52906 -> 82.57.97.83:53137
Flow 11 midstream: tcp 192.168.1.3:52906 -> 82.57.97.83:53137
Flow 20 risky: tcp 192.168.1.3:52921 -> 95.234.159.16:41205
Flow 20 midstream: tcp 192.168.1.3:52921 -> 95.234.159.16:41205
Flow 24 risky: tcp 192.168.1.3:52925 -> 93.65.227.100:19116
Flow 24 midstream: tcp 192.168.1.3:52925 -> 93.65.227.100:19116
Flow 21 risky: tcp 192.168.1.3:52922 -> 95.237.193.34:11321
Flow 21 midstream: tcp 192.168.1.3:52922 -> 95.237.193.34:11321
Flow 9 risky: tcp 192.168.1.3:52902 -> 190.103.195.56:46633
Flow 9 midstream: tcp 192.168.1.3:52902 -> 190.103.195.56:46633
Flow 18 risky: tcp 192.168.1.3:52914 -> 190.103.195.56:46633
Flow 18 midstream: tcp 192.168.1.3:52914 -> 190.103.195.56:46633
Flow 3 midstream: tcp 192.168.1.3:52895 -> 83.216.184.241:51413
Flow 22 midstream: tcp 192.168.1.3:52927 -> 83.216.184.241:51413
Flow 13 risky: tcp 192.168.1.3:52912 -> 151.72.255.163:59928
Flow 13 midstream: tcp 192.168.1.3:52912 -> 151.72.255.163:59928
Flow 23 risky: tcp 192.168.1.3:52926 -> 93.65.249.100:31336
Flow 23 midstream: tcp 192.168.1.3:52926 -> 93.65.249.100:31336
Flow 19 risky: tcp 192.168.1.3:52917 -> 151.15.48.189:47001
Flow 19 midstream: tcp 192.168.1.3:52917 -> 151.15.48.189:47001
Flow 8 risky: tcp 192.168.1.3:52903 -> 198.100.146.9:60163
Flow 8 midstream: tcp 192.168.1.3:52903 -> 198.100.146.9:60163
Flow 1 risky: tcp 192.168.1.3:52888 -> 82.58.216.115:38305
Flow 1 midstream: tcp 192.168.1.3:52888 -> 82.58.216.115:38305
Flow 10 risky: tcp 192.168.1.3:52907 -> 82.58.216.115:38305
Flow 10 midstream: tcp 192.168.1.3:52907 -> 82.58.216.115:38305
Flow 5 risky: tcp 192.168.1.3:52894 -> 120.62.33.241:39332
Flow 5 midstream: tcp 192.168.1.3:52894 -> 120.62.33.241:39332
Flow 15 risky: tcp 192.168.1.3:52910 -> 120.62.33.241:39332
Flow 15 midstream: tcp 192.168.1.3:52910 -> 120.62.33.241:39332
Flow 7 risky: tcp 192.168.1.3:52893 -> 79.55.129.22:12097
Flow 7 midstream: tcp 192.168.1.3:52893 -> 79.55.129.22:12097
Flow 16 risky: tcp 192.168.1.3:52908 -> 79.55.129.22:12097
Flow 16 midstream: tcp 192.168.1.3:52908 -> 79.55.129.22:12097
Flow 4 risky: tcp 192.168.1.3:52896 -> 79.53.228.2:14627
Flow 4 midstream: tcp 192.168.1.3:52896 -> 79.53.228.2:14627
Flow 14 risky: tcp 192.168.1.3:52909 -> 79.53.228.2:14627
Flow 14 midstream: tcp 192.168.1.3:52909 -> 79.53.228.2:14627
Flow 6 risky: tcp 192.168.1.3:52897 -> 151.26.95.30:22673
Flow 6 midstream: tcp 192.168.1.3:52897 -> 151.26.95.30:22673
Flow 12 risky: tcp 192.168.1.3:52911 -> 151.26.95.30:22673
Flow 12 midstream: tcp 192.168.1.3:52911 -> 151.26.95.30:22673
