Flow 5 risky: tcp 192.168.1.178:61820 -> 82.81.46.13:10443
