Flow 1 risky: tcp 192.168.0.4:54337 -> 192.254.189.169:80
