Flow 1 risky: tcp 192.168.0.4:54317 -> 192.254.189.169:80
Flow 2 risky: tcp 192.168.0.4:54318 -> 192.254.189.169:80
Flow 7 risky: tcp 192.168.0.4:54337 -> 192.254.189.169:80
Flow 8 risky: tcp 192.168.0.4:54338 -> 192.254.189.169:80
Flow 9 risky: tcp 192.168.0.4:54340 -> 192.254.189.169:80
Flow 14 risky: tcp 192.168.0.4:54487 -> 192.254.189.169:80
Flow 15 risky: tcp 192.168.0.4:54505 -> 192.254.189.169:80
Flow 24 risky: tcp 192.168.0.4:54584 -> 192.254.189.169:80
Flow 10 risky: tcp 192.168.0.4:54341 -> 192.254.189.169:80
Flow 11 risky: tcp 192.168.0.4:54342 -> 192.254.189.169:80
Flow 12 risky: tcp 192.168.0.4:54343 -> 192.254.189.169:80
Flow 20 risky: tcp 192.168.0.4:54580 -> 192.254.189.169:80
Flow 21 risky: tcp 192.168.0.4:54581 -> 192.254.189.169:80
Flow 22 risky: tcp 192.168.0.4:54582 -> 192.254.189.169:80
Flow 23 risky: tcp 192.168.0.4:54583 -> 192.254.189.169:80
