Flow 3 risky: tcp 192.168.1.7:51207 -> 46.44.253.187:80
