Flow 4 not-detected: udp 192.168.1.2:30001 -> 212.242.33.36:40393
