     DAEMON-EVENT: init
              new: [.....1] [ip6][..udp] [...............fe80::a00:27ff:feb3:e62e][.5353] -> [...............................ff02::fb][.5353]
         detected: [.....1] [ip6][..udp] [...............fe80::a00:27ff:feb3:e62e][.5353] -> [...............................ff02::fb][.5353] [MDNS][Unknown][Network][Acceptable][e.2.6.e.3.b.e.f.f.f.7.2.0.0.a.0.0.0.0.0.0.0.0.0.0.0.0.0.0.8.e.f.ip6.arpa]
              new: [.....2] [ip6][..tcp] [..2001:b07:a3d:c112:b831:a73f:7974:e604][49774] -> [...................2001:b07:a3d:c112::1][...53]
         detected: [.....2] [ip6][..tcp] [..2001:b07:a3d:c112:b831:a73f:7974:e604][49774] -> [...................2001:b07:a3d:c112::1][...53] [DNS][Unknown][Network][Acceptable][opentracker.io]
 detection-update: [.....2] [ip6][..tcp] [..2001:b07:a3d:c112:b831:a73f:7974:e604][49774] -> [...................2001:b07:a3d:c112::1][...53] [DNS][Unknown][Network][Acceptable][opentracker.io]
           update: [.....1] [ip6][..udp] [...............fe80::a00:27ff:feb3:e62e][.5353] -> [...............................ff02::fb][.5353] [MDNS][Unknown][Network][Acceptable][e.2.6.e.3.b.e.f.f.f.7.2.0.0.a.0.0.0.0.0.0.0.0.0.0.0.0.0.0.8.e.f.ip6.arpa]
     DAEMON-EVENT: [Processed: 12 pkts][ZLib][compressions: 0|diff: 0 / 0]
     DAEMON-EVENT: [Flows][active: 2 / 2|skipped: 0|!detected: 0|guessed: 0|detection-updates: 1|updates: 1]
              new: [.....3] [ip4][..udp] [.192.168.170.20][...53] -> [..192.168.170.8][32795]
         detected: [.....3] [ip4][..udp] [.192.168.170.20][...53] -> [..192.168.170.8][32795] [DNS][Unknown][Network][Acceptable][www.l.google.com]
             idle: [.....1] [ip6][..udp] [...............fe80::a00:27ff:feb3:e62e][.5353] -> [...............................ff02::fb][.5353] [MDNS][Unknown][Network][Acceptable][e.2.6.e.3.b.e.f.f.f.7.2.0.0.a.0.0.0.0.0.0.0.0.0.0.0.0.0.0.8.e.f.ip6.arpa]
              end: [.....2] [ip6][..tcp] [..2001:b07:a3d:c112:b831:a73f:7974:e604][49774] -> [...................2001:b07:a3d:c112::1][...53] [DNS][Unknown][Network][Acceptable][opentracker.io]
 detection-update: [.....3] [ip4][..udp] [.192.168.170.20][...53] -> [..192.168.170.8][32795] [DNS][Unknown][Network][Acceptable][www.example.com]
 detection-update: [.....3] [ip4][..udp] [.192.168.170.20][...53] -> [..192.168.170.8][32795] [DNS][Unknown][Network][Acceptable][www.example.com]
     DAEMON-EVENT: [Processed: 15 pkts][ZLib][compressions: 0|diff: 0 / 0]
     DAEMON-EVENT: [Flows][active: 1 / 3|skipped: 0|!detected: 0|guessed: 0|detection-updates: 3|updates: 1]
      ERROR-EVENT: Unknown packet type [1/16]
      ERROR-EVENT: Unknown packet type [2/16]
             idle: [.....3] [ip4][..udp] [.192.168.170.20][...53] -> [..192.168.170.8][32795] [DNS][Unknown][Network][Acceptable]
     DAEMON-EVENT: shutdown
