Flow 1 risky: udp 192.168.255.251:56550 -> 8.8.8.8:53
