Flow 5 risky: udp 10.35.60.100:15580 -> 10.23.1.52:16756
