Flow 2 guessed: udp 192.168.1.204:63670 -> 192.145.125.35:1198
Flow 2 not-detected: udp 192.168.1.204:63670 -> 192.145.125.35:1198
Flow 3 guessed: tcp 192.168.1.204:49766 -> 212.129.45.224:995
Flow 3 not-detected: tcp 192.168.1.204:49766 -> 212.129.45.224:995
