Flow 7 risky: tcp 192.168.0.123:64623 -> 86.3.18.251:443
Flow 8 risky: tcp 192.168.0.123:64624 -> 178.17.170.254:443
Flow 5 risky: icmp 192.168.0.16 -> 192.168.0.123
