     DAEMON-EVENT: init
     DAEMON-EVENT: [Processed: 0 pkts][ZLib][compressions: 0|diff: 0 / 0]
     DAEMON-EVENT: [Flows][active: 0 / 0|skipped: 0|!detected: 0|guessed: 0|detection-updates: 0|updates: 0]
              new: [.....1] [ip4][..tcp] [....192.168.1.3][52888] -> [..82.58.216.115][38305] [MIDSTREAM]
         detected: [.....1] [ip4][..tcp] [....192.168.1.3][52888] -> [..82.58.216.115][38305] [BitTorrent][Unknown][Download][Acceptable]
                   RISK: Known Proto on Non Std Port
              new: [.....2] [ip4][..tcp] [....192.168.1.3][52887] -> [....82.57.97.83][53137] [MIDSTREAM]
         detected: [.....2] [ip4][..tcp] [....192.168.1.3][52887] -> [....82.57.97.83][53137] [BitTorrent][Unknown][Download][Acceptable]
                   RISK: Known Proto on Non Std Port
              new: [.....3] [ip4][..tcp] [....192.168.1.3][52895] -> [.83.216.184.241][51413] [MIDSTREAM]
         detected: [.....3] [ip4][..tcp] [....192.168.1.3][52895] -> [.83.216.184.241][51413] [BitTorrent][Unknown][Download][Acceptable]
              new: [.....4] [ip4][..tcp] [....192.168.1.3][52896] -> [....79.53.228.2][14627] [MIDSTREAM]
         detected: [.....4] [ip4][..tcp] [....192.168.1.3][52896] -> [....79.53.228.2][14627] [BitTorrent][Unknown][Download][Acceptable]
                   RISK: Known Proto on Non Std Port
              new: [.....5] [ip4][..tcp] [....192.168.1.3][52894] -> [..120.62.33.241][39332] [MIDSTREAM]
         detected: [.....5] [ip4][..tcp] [....192.168.1.3][52894] -> [..120.62.33.241][39332] [BitTorrent][Unknown][Download][Acceptable]
                   RISK: Known Proto on Non Std Port
              new: [.....6] [ip4][..tcp] [....192.168.1.3][52897] -> [...151.26.95.30][22673] [MIDSTREAM]
         detected: [.....6] [ip4][..tcp] [....192.168.1.3][52897] -> [...151.26.95.30][22673] [BitTorrent][Unknown][Download][Acceptable]
                   RISK: Known Proto on Non Std Port
              new: [.....7] [ip4][..tcp] [....192.168.1.3][52893] -> [...79.55.129.22][12097] [MIDSTREAM]
         detected: [.....7] [ip4][..tcp] [....192.168.1.3][52893] -> [...79.55.129.22][12097] [BitTorrent][Unknown][Download][Acceptable]
                   RISK: Known Proto on Non Std Port
              new: [.....8] [ip4][..tcp] [....192.168.1.3][52903] -> [..198.100.146.9][60163] [MIDSTREAM]
         detected: [.....8] [ip4][..tcp] [....192.168.1.3][52903] -> [..198.100.146.9][60163] [BitTorrent][Unknown][Download][Acceptable]
                   RISK: Known Proto on Non Std Port
              new: [.....9] [ip4][..tcp] [....192.168.1.3][52902] -> [.190.103.195.56][46633] [MIDSTREAM]
         detected: [.....9] [ip4][..tcp] [....192.168.1.3][52902] -> [.190.103.195.56][46633] [BitTorrent][Unknown][Download][Acceptable]
                   RISK: Known Proto on Non Std Port
              new: [....10] [ip4][..tcp] [....192.168.1.3][52907] -> [..82.58.216.115][38305] [MIDSTREAM]
         detected: [....10] [ip4][..tcp] [....192.168.1.3][52907] -> [..82.58.216.115][38305] [BitTorrent][Unknown][Download][Acceptable]
                   RISK: Known Proto on Non Std Port
              new: [....11] [ip4][..tcp] [....192.168.1.3][52906] -> [....82.57.97.83][53137] [MIDSTREAM]
         detected: [....11] [ip4][..tcp] [....192.168.1.3][52906] -> [....82.57.97.83][53137] [BitTorrent][Unknown][Download][Acceptable]
                   RISK: Known Proto on Non Std Port
              new: [....12] [ip4][..tcp] [....192.168.1.3][52911] -> [...151.26.95.30][22673] [MIDSTREAM]
         detected: [....12] [ip4][..tcp] [....192.168.1.3][52911] -> [...151.26.95.30][22673] [BitTorrent][Unknown][Download][Acceptable]
                   RISK: Known Proto on Non Std Port
              new: [....13] [ip4][..tcp] [....192.168.1.3][52912] -> [.151.72.255.163][59928] [MIDSTREAM]
         detected: [....13] [ip4][..tcp] [....192.168.1.3][52912] -> [.151.72.255.163][59928] [BitTorrent][Unknown][Download][Acceptable]
                   RISK: Known Proto on Non Std Port
              new: [....14] [ip4][..tcp] [....192.168.1.3][52909] -> [....79.53.228.2][14627] [MIDSTREAM]
         detected: [....14] [ip4][..tcp] [....192.168.1.3][52909] -> [....79.53.228.2][14627] [BitTorrent][Unknown][Download][Acceptable]
                   RISK: Known Proto on Non Std Port
              new: [....15] [ip4][..tcp] [....192.168.1.3][52910] -> [..120.62.33.241][39332] [MIDSTREAM]
         detected: [....15] [ip4][..tcp] [....192.168.1.3][52910] -> [..120.62.33.241][39332] [BitTorrent][Unknown][Download][Acceptable]
                   RISK: Known Proto on Non Std Port
              new: [....16] [ip4][..tcp] [....192.168.1.3][52908] -> [...79.55.129.22][12097] [MIDSTREAM]
         detected: [....16] [ip4][..tcp] [....192.168.1.3][52908] -> [...79.55.129.22][12097] [BitTorrent][Unknown][Download][Acceptable]
                   RISK: Known Proto on Non Std Port
              new: [....17] [ip4][..tcp] [....192.168.1.3][52915] -> [..198.100.146.9][60163] [MIDSTREAM]
         detected: [....17] [ip4][..tcp] [....192.168.1.3][52915] -> [..198.100.146.9][60163] [BitTorrent][Unknown][Download][Acceptable]
                   RISK: Known Proto on Non Std Port
              new: [....18] [ip4][..tcp] [....192.168.1.3][52914] -> [.190.103.195.56][46633] [MIDSTREAM]
         detected: [....18] [ip4][..tcp] [....192.168.1.3][52914] -> [.190.103.195.56][46633] [BitTorrent][Unknown][Download][Acceptable]
                   RISK: Known Proto on Non Std Port
              new: [....19] [ip4][..tcp] [....192.168.1.3][52917] -> [..151.15.48.189][47001] [MIDSTREAM]
         detected: [....19] [ip4][..tcp] [....192.168.1.3][52917] -> [..151.15.48.189][47001] [BitTorrent][Unknown][Download][Acceptable]
                   RISK: Known Proto on Non Std Port
              new: [....20] [ip4][..tcp] [....192.168.1.3][52921] -> [..95.234.159.16][41205] [MIDSTREAM]
         detected: [....20] [ip4][..tcp] [....192.168.1.3][52921] -> [..95.234.159.16][41205] [BitTorrent][Unknown][Download][Acceptable]
                   RISK: Known Proto on Non Std Port
              new: [....21] [ip4][..tcp] [....192.168.1.3][52922] -> [..95.237.193.34][11321] [MIDSTREAM]
         detected: [....21] [ip4][..tcp] [....192.168.1.3][52922] -> [..95.237.193.34][11321] [BitTorrent][Unknown][Download][Acceptable]
                   RISK: Known Proto on Non Std Port
          analyse: [....17] [ip4][..tcp] [....192.168.1.3][52915] -> [..198.100.146.9][60163] [BitTorrent][Unknown][Download][Acceptable]
                                         min|       max|       avg|    stddev|         variance|  entropy
                   [IAT.........:      0.012|     0.920|     0.247|     0.229|        52345.696|    4.400]
                   [PKTLEN......:     66.000|  1492.000|   722.400|   635.200|       403438.900|    4.400]
                   [BINS(c->s)..: 5,1,1,1,3,1,0,0,0,0,0,0,0,0,0,0,0,0,0,0,0,0,0,0,0,0,0,0,0,0,0,0,0,0,0,0,0,0,0,0,0,0,0,0,0,0,0,0]
                   [BINS(s->c)..: 1,1,1,0,0,0,0,0,0,0,1,0,0,0,0,0,0,3,0,0,0,0,0,0,0,0,0,0,0,0,0,0,0,0,1,0,0,0,0,0,0,0,0,0,0,12,0,0]
                   [DIRECTIONS..: 0,1,1,0,1,0,1,0,1,0,1,0,1,0,0,1,0,0,1,1,1,1,1,1,0,1,1,1,1,0,1,1]
                   [IATS(ms)....: 176.8,184.0,361.0,337.3,477.6,920.0,779.8,619.5,619.4,156.9,158.1,151.0,161.2,12.0,185.6,163.5,148.9,165.8,153.5,19.2,148.7,12.8,146.1,495.9,130.3,32.1,133.8,27.3,421.5,129.5,27.4]
                   [PKTLENS.....: 120,132,611,228,66,176,90,86,1492,69,1166,69,609,81,69,389,69,188,609,1492,1492,1492,1492,1492,188,1492,1492,1492,1492,197,1492,1492]
                   [ENTROPIES...: 6.0,6.1,4.9,5.5,4.8,3.9,5.4,4.3,7.8,4.5,7.7,4.6,7.6,4.7,4.6,7.4,4.6,2.9,7.6,4.9,7.7,7.7,7.8,7.8,3.1,7.7,7.8,7.8,7.8,3.1,7.8,7.9]
              new: [....22] [ip4][..tcp] [....192.168.1.3][52927] -> [.83.216.184.241][51413] [MIDSTREAM]
         detected: [....22] [ip4][..tcp] [....192.168.1.3][52927] -> [.83.216.184.241][51413] [BitTorrent][Unknown][Download][Acceptable]
              new: [....23] [ip4][..tcp] [....192.168.1.3][52926] -> [..93.65.249.100][31336] [MIDSTREAM]
         detected: [....23] [ip4][..tcp] [....192.168.1.3][52926] -> [..93.65.249.100][31336] [BitTorrent][Unknown][Download][Acceptable]
                   RISK: Known Proto on Non Std Port
              new: [....24] [ip4][..tcp] [....192.168.1.3][52925] -> [..93.65.227.100][19116] [MIDSTREAM]
         detected: [....24] [ip4][..tcp] [....192.168.1.3][52925] -> [..93.65.227.100][19116] [BitTorrent][Unknown][Download][Acceptable]
                   RISK: Known Proto on Non Std Port
              end: [.....2] [ip4][..tcp] [....192.168.1.3][52887] -> [....82.57.97.83][53137] [BitTorrent][Unknown][Download][Acceptable]
                   RISK: Known Proto on Non Std Port
              end: [....11] [ip4][..tcp] [....192.168.1.3][52906] -> [....82.57.97.83][53137] [BitTorrent][Unknown][Download][Acceptable]
                   RISK: Known Proto on Non Std Port
              end: [....20] [ip4][..tcp] [....192.168.1.3][52921] -> [..95.234.159.16][41205] [BitTorrent][Unknown][Download][Acceptable]
                   RISK: Known Proto on Non Std Port
             idle: [....24] [ip4][..tcp] [....192.168.1.3][52925] -> [..93.65.227.100][19116] [BitTorrent][Unknown][Download][Acceptable]
                   RISK: Known Proto on Non Std Port
              end: [....21] [ip4][..tcp] [....192.168.1.3][52922] -> [..95.237.193.34][11321] [BitTorrent][Unknown][Download][Acceptable]
                   RISK: Known Proto on Non Std Port
              end: [.....9] [ip4][..tcp] [....192.168.1.3][52902] -> [.190.103.195.56][46633] [BitTorrent][Unknown][Download][Acceptable]
                   RISK: Known Proto on Non Std Port
             idle: [....18] [ip4][..tcp] [....192.168.1.3][52914] -> [.190.103.195.56][46633] [BitTorrent][Unknown][Download][Acceptable]
                   RISK: Known Proto on Non Std Port
              end: [.....3] [ip4][..tcp] [....192.168.1.3][52895] -> [.83.216.184.241][51413] [BitTorrent][Unknown][Download][Acceptable]
             idle: [....22] [ip4][..tcp] [....192.168.1.3][52927] -> [.83.216.184.241][51413] [BitTorrent][Unknown][Download][Acceptable]
              end: [....13] [ip4][..tcp] [....192.168.1.3][52912] -> [.151.72.255.163][59928] [BitTorrent][Unknown][Download][Acceptable]
                   RISK: Known Proto on Non Std Port
              end: [....23] [ip4][..tcp] [....192.168.1.3][52926] -> [..93.65.249.100][31336] [BitTorrent][Unknown][Download][Acceptable]
                   RISK: Known Proto on Non Std Port
              end: [....19] [ip4][..tcp] [....192.168.1.3][52917] -> [..151.15.48.189][47001] [BitTorrent][Unknown][Download][Acceptable]
                   RISK: Known Proto on Non Std Port
             idle: [.....8] [ip4][..tcp] [....192.168.1.3][52903] -> [..198.100.146.9][60163] [BitTorrent][Unknown][Download][Acceptable]
                   RISK: Known Proto on Non Std Port
             idle: [....17] [ip4][..tcp] [....192.168.1.3][52915] -> [..198.100.146.9][60163] [BitTorrent][Unknown][Download][Acceptable]
                   RISK: Known Proto on Non Std Port
              end: [.....1] [ip4][..tcp] [....192.168.1.3][52888] -> [..82.58.216.115][38305] [BitTorrent][Unknown][Download][Acceptable]
                   RISK: Known Proto on Non Std Port
             idle: [....10] [ip4][..tcp] [....192.168.1.3][52907] -> [..82.58.216.115][38305] [BitTorrent][Unknown][Download][Acceptable]
                   RISK: Known Proto on Non Std Port
             idle: [.....5] [ip4][..tcp] [....192.168.1.3][52894] -> [..120.62.33.241][39332] [BitTorrent][Unknown][Download][Acceptable]
                   RISK: Known Proto on Non Std Port
             idle: [....15] [ip4][..tcp] [....192.168.1.3][52910] -> [..120.62.33.241][39332] [BitTorrent][Unknown][Download][Acceptable]
                   RISK: Known Proto on Non Std Port
             idle: [.....7] [ip4][..tcp] [....192.168.1.3][52893] -> [...79.55.129.22][12097] [BitTorrent][Unknown][Download][Acceptable]
                   RISK: Known Proto on Non Std Port
             idle: [....16] [ip4][..tcp] [....192.168.1.3][52908] -> [...79.55.129.22][12097] [BitTorrent][Unknown][Download][Acceptable]
                   RISK: Known Proto on Non Std Port
              end: [.....4] [ip4][..tcp] [....192.168.1.3][52896] -> [....79.53.228.2][14627] [BitTorrent][Unknown][Download][Acceptable]
                   RISK: Known Proto on Non Std Port
             idle: [....14] [ip4][..tcp] [....192.168.1.3][52909] -> [....79.53.228.2][14627] [BitTorrent][Unknown][Download][Acceptable]
                   RISK: Known Proto on Non Std Port
             idle: [.....6] [ip4][..tcp] [....192.168.1.3][52897] -> [...151.26.95.30][22673] [BitTorrent][Unknown][Download][Acceptable]
                   RISK: Known Proto on Non Std Port
             idle: [....12] [ip4][..tcp] [....192.168.1.3][52911] -> [...151.26.95.30][22673] [BitTorrent][Unknown][Download][Acceptable]
                   RISK: Known Proto on Non Std Port
     DAEMON-EVENT: shutdown
