     DAEMON-EVENT: init
     DAEMON-EVENT: [Processed: 0 pkts][ZLib][compressions: 0|diff: 0 / 0]
     DAEMON-EVENT: [Flows][active: 0 / 0|skipped: 0|!detected: 0|guessed: 0|detection-updates: 0|updates: 0]
              new: [.....1] [ip4][..tcp] [....192.168.0.4][54337] -> [192.254.189.169][...80]
         detected: [.....1] [ip4][..tcp] [....192.168.0.4][54337] -> [192.254.189.169][...80] [HTTP][Unknown][Web][Acceptable][browserspy.dk]
                   RISK: Clear-Text Credentials
 detection-update: [.....1] [ip4][..tcp] [....192.168.0.4][54337] -> [192.254.189.169][...80] [HTTP][Unknown][Web][Acceptable][browserspy.dk]
                   RISK: Clear-Text Credentials, Error Code
          analyse: [.....1] [ip4][..tcp] [....192.168.0.4][54337] -> [192.254.189.169][...80] [HTTP][Unknown][Web][Acceptable][browserspy.dk]
                                         min|       max|       avg|    stddev|         variance|  entropy
                   [IAT.........: <    0.001|     4.862|     0.405|     1.194|      1424465.723|    2.200]
                   [PKTLEN......:     52.000|  1500.000|   626.900|   665.600|       443042.200|    4.100]
                   [BINS(c->s)..: 13,0,0,0,0,0,0,0,0,0,0,0,0,0,0,0,0,0,0,0,0,0,0,1,0,0,0,0,0,0,0,0,0,0,0,0,0,0,0,0,0,0,0,0,0,0,0,0]
                   [BINS(s->c)..: 3,0,1,0,0,0,1,0,0,0,0,0,0,0,0,1,0,0,0,0,0,0,0,0,0,0,0,0,1,0,0,0,0,0,0,0,0,0,0,0,0,0,0,0,0,11,0,0]
                   [DIRECTIONS..: 0,1,0,0,1,1,1,0,1,0,1,0,1,1,0,1,1,0,1,1,0,1,1,0,1,1,0,1,0,1,0,0]
                   [IATS(ms)....: 180.0,180.1,0.1,194.0,206.4,1.3,401.5,0.6,0.6,0.7,0.7,4.0,4.6,8.7,4.6,3.0,7.6,3.3,5.3,8.6,159.0,4.0,163.0,3.6,4.2,7.9,2.6,2.6,4861.8,4861.8,1269.0]
                   [PKTLENS.....: 64,60,52,791,52,1500,537,52,131,52,274,52,1500,1500,52,1500,1500,52,1500,1500,52,1500,1500,52,1500,1500,52,975,52,52,52,52]
                   [ENTROPIES...: 4.4,5.1,5.1,5.9,5.0,5.4,5.6,5.1,5.4,5.0,5.6,5.1,5.4,5.1,5.0,5.0,5.1,5.1,5.1,5.1,5.1,5.1,5.2,5.1,5.4,5.4,5.0,5.7,5.0,5.0,5.1,5.1]
              end: [.....1] [ip4][..tcp] [....192.168.0.4][54337] -> [192.254.189.169][...80] [HTTP][Unknown][Web][Acceptable][browserspy.dk]
                   RISK: Clear-Text Credentials, Error Code
     DAEMON-EVENT: shutdown
