     DAEMON-EVENT: init
     DAEMON-EVENT: [Processed: 0 pkts][ZLib][compressions: 0|diff: 0 / 0]
     DAEMON-EVENT: [Flows][active: 0 / 0|skipped: 0|!detected: 0|guessed: 0|detection-updates: 0|updates: 0]
              new: [.....1] [ip4][..tcp] [..192.168.1.160][54804] -> [..151.101.66.49][..443]
         detected: [.....1] [ip4][..tcp] [..192.168.1.160][54804] -> [..151.101.66.49][..443] [TLS.Cybersec][Unknown][Cybersecurity][Safe][feodotracker.abuse.ch]
 detection-update: [.....1] [ip4][..tcp] [..192.168.1.160][54804] -> [..151.101.66.49][..443] [TLS.Cybersec][Unknown][Cybersecurity][Safe][feodotracker.abuse.ch]
 detection-update: [.....1] [ip4][..tcp] [..192.168.1.160][54804] -> [..151.101.66.49][..443] [TLS.Cybersec][Unknown][Cybersecurity][Safe][feodotracker.abuse.ch]
          analyse: [.....1] [ip4][..tcp] [..192.168.1.160][54804] -> [..151.101.66.49][..443] [TLS.Cybersec][Unknown][Cybersecurity][Safe]
                                         min|       max|       avg|    stddev|         variance|  entropy
                   [IAT.........: <    0.001|     0.022|     0.005|     0.007|           43.853|    3.500]
                   [PKTLEN......:     52.000|  1420.000|   518.600|   615.300|       378610.900|    4.000]
                   [BINS(c->s)..: 12,0,0,1,0,1,0,0,0,0,0,0,0,0,0,0,1,0,0,0,0,0,0,0,0,0,0,0,0,0,0,0,0,0,0,0,0,0,0,0,0,0,0,0,0,0,0,0]
                   [BINS(s->c)..: 2,4,0,0,0,0,1,0,0,0,0,0,0,0,0,0,0,0,0,0,0,0,0,0,0,0,0,0,0,0,0,0,0,0,0,0,0,0,0,0,0,0,10,0,0,0,0,0]
                   [DIRECTIONS..: 0,1,0,0,1,1,1,0,1,0,1,1,0,0,1,0,0,1,1,1,0,0,0,1,1,1,0,0,1,0,1,1]
                   [IATS(ms)....: 11.6,11.7,5.7,17.7,3.1,0.2,15.2,0.1,0.1,0.1,0.0,0.1,10.6,21.7,11.2,0.3,14.9,0.0,0.0,14.6,0.0,0.0,0.3,0.3,0.0,0.6,0.0,0.5,0.5,0.1,0.0]
                   [PKTLENS.....: 64,60,52,569,52,1420,1420,52,1420,52,1420,262,52,178,103,52,222,1420,1420,104,52,52,52,1420,1420,104,52,52,1420,52,1420,104]
                   [ENTROPIES...: 4.4,5.1,4.9,4.4,5.0,6.8,4.9,5.0,6.6,4.9,7.4,7.0,5.0,6.3,6.0,5.0,6.9,7.9,7.9,6.1,4.9,4.8,4.7,7.9,7.9,6.0,4.9,4.9,7.9,4.8,7.9,6.2]
              end: [.....1] [ip4][..tcp] [..192.168.1.160][54804] -> [..151.101.66.49][..443] [TLS.Cybersec][Unknown][Cybersecurity][Safe][feodotracker.abuse.ch]
     DAEMON-EVENT: shutdown
