     DAEMON-EVENT: init
     DAEMON-EVENT: [Processed: 0 pkts][ZLib][compressions: 0|diff: 0 / 0]
     DAEMON-EVENT: [Flows][active: 0 / 0|skipped: 0|!detected: 0|guessed: 0|detection-updates: 0|updates: 0]
              new: [.....1] [ip4][..tcp] [.192.168.12.156][39750] -> [.142.250.184.68][..443]
         detected: [.....1] [ip4][..tcp] [.192.168.12.156][39750] -> [.142.250.184.68][..443] [TLS.Google][Google][Web][Acceptable][www.google.com]
                   RISK: Unidirectional Traffic
              end: [.....1] [ip4][..tcp] [.192.168.12.156][39750] -> [.142.250.184.68][..443] [TLS.Google][Google][Web][Acceptable]
                   RISK: Unidirectional Traffic
     DAEMON-EVENT: shutdown
