Flow 1 risky: udp 37.41.101.140:11892 -> 208.67.222.222:53
