     DAEMON-EVENT: init
     DAEMON-EVENT: [Processed: 0 pkts][ZLib][compressions: 0|diff: 0 / 0]
     DAEMON-EVENT: [Flows][active: 0 / 0|skipped: 0|!detected: 0|guessed: 0|detection-updates: 0|updates: 0]
              new: [.....1] [ip4][..tcp] [192.168.149.129][36351] -> [..51.83.239.144][...80] [MIDSTREAM]
         detected: [.....1] [ip4][..tcp] [192.168.149.129][36351] -> [..51.83.239.144][...80] [TLS][AnyDesk][Web][Safe]
                   RISK: Known Proto on Non Std Port
              new: [.....2] [ip4][..tcp] [192.168.149.129][43535] -> [..51.83.238.219][...80]
         detected: [.....2] [ip4][..tcp] [192.168.149.129][43535] -> [..51.83.238.219][...80] [TLS][AnyDesk][Web][Safe][]
                   RISK: Known Proto on Non Std Port, TLS (probably) Not Carrying HTTPS, Missing SNI TLS Extn
 detection-update: [.....2] [ip4][..tcp] [192.168.149.129][43535] -> [..51.83.238.219][...80] [TLS][AnyDesk][Web][Safe][]
                   RISK: Known Proto on Non Std Port, TLS (probably) Not Carrying HTTPS, Missing SNI TLS Extn
 detection-update: [.....2] [ip4][..tcp] [192.168.149.129][43535] -> [..51.83.238.219][...80] [TLS.AnyDesk][AnyDesk][RemoteAccess][Acceptable][]
                   RISK: Known Proto on Non Std Port, TLS (probably) Not Carrying HTTPS, Missing SNI TLS Extn, Desktop/File Sharing
          analyse: [.....2] [ip4][..tcp] [192.168.149.129][43535] -> [..51.83.238.219][...80] [TLS.AnyDesk][AnyDesk][RemoteAccess][Acceptable]
                                         min|       max|       avg|    stddev|         variance|  entropy
                   [IAT.........: <    0.001|     1.603|     0.177|     0.394|       155451.113|    2.800]
                   [PKTLEN......:     40.000|  1500.000|   392.700|   555.200|       308238.000|    3.800]
                   [BINS(c->s)..: 8,0,1,0,1,0,0,0,1,0,0,0,0,0,0,0,0,0,0,0,0,0,0,0,0,0,0,0,0,0,0,0,0,0,1,0,0,1,0,0,0,0,0,0,0,2,0,0]
                   [BINS(s->c)..: 9,2,1,0,1,0,0,0,0,0,0,0,0,0,0,0,0,0,0,0,0,0,0,0,0,0,0,0,0,0,0,0,0,0,0,1,0,0,0,0,2,0,0,0,0,1,0,0]
                   [DIRECTIONS..: 0,1,0,0,1,1,0,1,0,1,0,0,1,1,0,1,0,0,1,1,0,0,1,1,0,0,0,1,1,1,1,1]
                   [IATS(ms)....: 164.8,164.9,0.6,1.1,165.0,165.4,0.5,0.5,0.3,0.3,1.8,2.0,164.9,165.2,0.2,0.2,0.2,0.3,218.6,218.7,0.6,0.9,1215.5,1216.3,0.0,0.1,0.9,0.0,0.0,1602.9,0.1]
                   [PKTLENS.....: 60,46,40,303,46,1340,40,1340,40,46,40,1134,46,91,40,80,40,186,46,186,40,111,46,119,1500,1500,1242,46,46,46,1500,1180]
                   [ENTROPIES...: 4.8,4.9,4.8,5.4,4.4,7.5,4.8,7.8,4.8,4.6,4.7,7.6,4.4,5.8,4.8,5.8,4.8,6.7,4.4,6.8,4.8,6.3,4.4,6.4,7.9,7.9,7.8,4.4,4.4,4.4,7.9,7.8]
     DAEMON-EVENT: [Processed: 61 pkts][ZLib][compressions: 0|diff: 0 / 0]
     DAEMON-EVENT: [Flows][active: 2 / 2|skipped: 0|!detected: 0|guessed: 0|detection-updates: 2|updates: 0]
              new: [.....3] [ip4][..udp] [..192.168.1.187][59511] -> [....192.168.1.1][...53]
         detected: [.....3] [ip4][..udp] [..192.168.1.187][59511] -> [....192.168.1.1][...53] [DNS][Unknown][Network][Acceptable][relay-3185a847.net.anydesk.com]
 detection-update: [.....3] [ip4][..udp] [..192.168.1.187][59511] -> [....192.168.1.1][...53] [DNS][Unknown][Network][Acceptable][relay-3185a847.net.anydesk.com]
              new: [.....4] [ip4][..udp] [..192.168.1.187][55376] -> [....192.168.1.1][...53]
         detected: [.....4] [ip4][..udp] [..192.168.1.187][55376] -> [....192.168.1.1][...53] [DNS][Unknown][Network][Acceptable][relay-9b6827f2.net.anydesk.com]
 detection-update: [.....4] [ip4][..udp] [..192.168.1.187][55376] -> [....192.168.1.1][...53] [DNS][Unknown][Network][Acceptable][relay-9b6827f2.net.anydesk.com]
             idle: [.....1] [ip4][..tcp] [192.168.149.129][36351] -> [..51.83.239.144][...80] [TLS][AnyDesk][Web][Safe]
                   RISK: Known Proto on Non Std Port
             idle: [.....2] [ip4][..tcp] [192.168.149.129][43535] -> [..51.83.238.219][...80] [TLS.AnyDesk][AnyDesk][RemoteAccess][Acceptable]
                   RISK: Known Proto on Non Std Port, TLS (probably) Not Carrying HTTPS, Missing SNI TLS Extn, Desktop/File Sharing
              new: [.....5] [ip4][..tcp] [..192.168.1.187][54164] -> [..192.168.1.178][.7070]
         detected: [.....5] [ip4][..tcp] [..192.168.1.187][54164] -> [..192.168.1.178][.7070] [TLS][Unknown][Web][Safe][]
                   RISK: Known Proto on Non Std Port, TLS (probably) Not Carrying HTTPS, Missing SNI TLS Extn
 detection-update: [.....5] [ip4][..tcp] [..192.168.1.187][54164] -> [..192.168.1.178][.7070] [TLS.AnyDesk][Unknown][RemoteAccess][Acceptable][]
                   RISK: Known Proto on Non Std Port, TLS (probably) Not Carrying HTTPS, Missing SNI TLS Extn, Desktop/File Sharing
              new: [.....6] [ip4][..tcp] [..192.168.1.178][52039] -> [..192.168.1.187][.7070]
         detected: [.....6] [ip4][..tcp] [..192.168.1.178][52039] -> [..192.168.1.187][.7070] [TLS][Unknown][Web][Safe][]
                   RISK: Known Proto on Non Std Port, TLS (probably) Not Carrying HTTPS, Missing SNI TLS Extn
 detection-update: [.....6] [ip4][..tcp] [..192.168.1.178][52039] -> [..192.168.1.187][.7070] [TLS.AnyDesk][Unknown][RemoteAccess][Acceptable][]
                   RISK: Known Proto on Non Std Port, Weak TLS Cipher, TLS (probably) Not Carrying HTTPS, Missing SNI TLS Extn, Desktop/File Sharing
          analyse: [.....5] [ip4][..tcp] [..192.168.1.187][54164] -> [..192.168.1.178][.7070] [TLS.AnyDesk][Unknown][RemoteAccess][Acceptable]
                                         min|       max|       avg|    stddev|         variance|  entropy
                   [IAT.........:      0.000|     3.022|     0.410|     0.826|       682181.919|    2.900]
                   [PKTLEN......:     40.000|  3966.000|   306.300|   747.400|       558552.100|    3.100]
                   [BINS(c->s)..: 6,4,1,0,0,0,0,1,0,0,0,0,0,0,0,0,0,0,0,0,0,0,0,0,0,0,0,0,0,0,0,0,0,0,0,0,0,0,0,0,1,0,0,0,0,0,0,1]
                   [BINS(s->c)..: 11,3,0,1,1,0,0,0,0,0,0,0,0,0,0,0,0,0,0,0,0,0,0,0,0,0,0,0,1,0,0,0,0,0,0,0,0,0,0,0,0,0,0,0,0,1,0,0]
                   [DIRECTIONS..: 0,1,0,0,1,1,1,1,0,0,1,1,1,0,0,1,1,0,1,1,0,0,1,1,1,0,1,1,0,0,1,0]
                   [IATS(ms)....: 0.5,0.5,0.3,0.4,0.3,10.5,0.0,10.9,39.6,40.3,8.7,0.0,9.5,516.9,517.5,1.6,27.8,26.2,2.4,56.3,902.9,957.3,0.0,0.0,1754.2,1753.7,16.4,71.2,2966.8,3021.8,4.0]
                   [PKTLENS.....: 52,52,40,285,46,46,1500,183,40,1326,46,954,80,40,87,46,75,74,46,74,40,3966,46,46,46,79,46,141,40,99,46,116]
                   [ENTROPIES...: 4.5,4.7,4.7,5.4,4.2,4.3,7.7,6.2,4.7,7.7,4.3,7.8,5.6,4.6,5.7,4.2,5.5,5.6,4.3,5.6,4.7,8.0,4.2,4.3,4.2,5.7,4.3,6.5,4.6,6.0,4.3,6.2]
     DAEMON-EVENT: [Processed: 120 pkts][ZLib][compressions: 0|diff: 0 / 0]
     DAEMON-EVENT: [Flows][active: 4 / 6|skipped: 0|!detected: 0|guessed: 0|detection-updates: 6|updates: 0]
              new: [.....7] [ip4][..tcp] [..192.168.1.128][48260] -> [195.181.174.176][..443]
         detected: [.....7] [ip4][..tcp] [..192.168.1.128][48260] -> [195.181.174.176][..443] [TLS.AnyDesk][Unknown][RemoteAccess][Acceptable][]
                   RISK: Missing SNI TLS Extn, Desktop/File Sharing, Uncommon TLS ALPN
 detection-update: [.....7] [ip4][..tcp] [..192.168.1.128][48260] -> [195.181.174.176][..443] [TLS.AnyDesk][Unknown][RemoteAccess][Acceptable][]
                   RISK: Missing SNI TLS Extn, Desktop/File Sharing, Uncommon TLS ALPN
 detection-update: [.....7] [ip4][..tcp] [..192.168.1.128][48260] -> [195.181.174.176][..443] [TLS.AnyDesk][Unknown][RemoteAccess][Acceptable][]
                   RISK: Missing SNI TLS Extn, Desktop/File Sharing, Uncommon TLS ALPN
          analyse: [.....7] [ip4][..tcp] [..192.168.1.128][48260] -> [195.181.174.176][..443] [TLS.AnyDesk][Unknown][RemoteAccess][Acceptable]
                                         min|       max|       avg|    stddev|         variance|  entropy
                   [IAT.........: <    0.001|     8.445|     0.583|     2.064|      4258557.067|    1.500]
                   [PKTLEN......:     52.000|  1500.000|   328.900|   495.500|       245485.500|    3.800]
                   [BINS(c->s)..: 8,0,2,0,1,0,0,0,0,1,0,0,0,0,0,0,0,0,0,0,0,0,0,0,0,0,0,0,0,0,0,0,0,0,1,0,0,0,1,0,0,0,0,0,0,2,0,0]
                   [BINS(s->c)..: 7,4,2,0,1,0,0,0,0,0,0,0,0,0,0,0,0,0,0,0,0,0,0,0,0,0,0,0,0,0,0,0,0,1,0,0,0,0,0,0,0,0,0,0,0,1,0,0]
                   [DIRECTIONS..: 0,1,0,0,1,1,0,1,0,0,1,0,1,0,0,1,1,0,0,1,1,0,0,0,1,1,1,1,0,0,1,1]
                   [IATS(ms)....: 17.7,17.8,0.9,17.8,3.4,20.3,0.1,0.0,3.8,21.9,18.1,0.1,0.0,0.9,64.2,13.4,76.8,1.5,18.4,206.6,224.8,0.0,0.0,18.7,0.0,62.8,0.0,80.2,8427.9,8444.6,314.0]
                   [PKTLENS.....: 60,60,52,341,52,1500,52,1132,52,1146,103,52,92,52,199,52,198,52,137,52,145,1500,1500,1273,52,52,92,90,52,137,52,145]
                   [ENTROPIES...: 4.8,5.3,5.1,5.6,5.1,7.5,5.1,7.7,5.1,7.7,6.0,5.1,6.1,5.1,6.9,5.2,6.9,5.2,6.6,5.2,6.6,7.9,7.9,7.8,5.2,5.2,6.1,5.9,5.1,6.5,5.2,6.6]
             idle: [.....4] [ip4][..udp] [..192.168.1.187][55376] -> [....192.168.1.1][...53] [DNS][Unknown][Network][Acceptable][relay-9b6827f2.net.anydesk.com]
              end: [.....6] [ip4][..tcp] [..192.168.1.178][52039] -> [..192.168.1.187][.7070] [TLS.AnyDesk][Unknown][RemoteAccess][Acceptable]
                   RISK: Known Proto on Non Std Port, Weak TLS Cipher, TLS (probably) Not Carrying HTTPS, Missing SNI TLS Extn, Desktop/File Sharing
             idle: [.....3] [ip4][..udp] [..192.168.1.187][59511] -> [....192.168.1.1][...53] [DNS][Unknown][Network][Acceptable][relay-3185a847.net.anydesk.com]
             idle: [.....5] [ip4][..tcp] [..192.168.1.187][54164] -> [..192.168.1.178][.7070] [TLS.AnyDesk][Unknown][RemoteAccess][Acceptable]
                   RISK: Known Proto on Non Std Port, TLS (probably) Not Carrying HTTPS, Missing SNI TLS Extn, Desktop/File Sharing
             idle: [.....7] [ip4][..tcp] [..192.168.1.128][48260] -> [195.181.174.176][..443] [TLS.AnyDesk][Unknown][RemoteAccess][Acceptable]
                   RISK: Missing SNI TLS Extn, Desktop/File Sharing, Uncommon TLS ALPN
     DAEMON-EVENT: shutdown
