     DAEMON-EVENT: init
     DAEMON-EVENT: [Processed: 0 pkts][ZLib][compressions: 0|diff: 0 / 0]
     DAEMON-EVENT: [Flows][active: 0 / 0|skipped: 0|!detected: 0|guessed: 0|detection-updates: 0|updates: 0]
              new: [.....1] [ip6][..udp] [...2001:b07:a3d:c112:b332:20d:89ab:105e][41624] -> [...................2001:4860:4860::8844][...53]
         detected: [.....1] [ip6][..udp] [...2001:b07:a3d:c112:b332:20d:89ab:105e][41624] -> [...................2001:4860:4860::8844][...53] [DNS][Google][Network][Acceptable][]
 detection-update: [.....1] [ip6][..udp] [...2001:b07:a3d:c112:b332:20d:89ab:105e][41624] -> [...................2001:4860:4860::8844][...53] [DNS][Google][Network][Acceptable][]
     DAEMON-EVENT: [Processed: 2 pkts][ZLib][compressions: 0|diff: 0 / 0]
     DAEMON-EVENT: [Flows][active: 1 / 1|skipped: 0|!detected: 0|guessed: 0|detection-updates: 1|updates: 0]
              new: [.....2] [ip4][..udp] [...192.168.1.29][58580] -> [........8.8.4.4][...53]
         detected: [.....2] [ip4][..udp] [...192.168.1.29][58580] -> [........8.8.4.4][...53] [DNS][Google][Network][Acceptable][www.ntop.org]
 detection-update: [.....2] [ip4][..udp] [...192.168.1.29][58580] -> [........8.8.4.4][...53] [DNS][Google][Network][Acceptable][www.ntop.org]
              new: [.....3] [ip4][..udp] [...192.168.1.29][62500] -> [........8.8.4.4][...53]
         detected: [.....3] [ip4][..udp] [...192.168.1.29][62500] -> [........8.8.4.4][...53] [DNS][Google][Network][Acceptable][www.wikipedia.it]
 detection-update: [.....3] [ip4][..udp] [...192.168.1.29][62500] -> [........8.8.4.4][...53] [DNS][Google][Network][Acceptable][www.wikipedia.it]
              new: [.....4] [ip4][..udp] [...192.168.1.29][51166] -> [........8.8.4.4][...53]
         detected: [.....4] [ip4][..udp] [...192.168.1.29][51166] -> [........8.8.4.4][...53] [DNS][Google][Network][Acceptable][www.wireshark.org]
 detection-update: [.....4] [ip4][..udp] [...192.168.1.29][51166] -> [........8.8.4.4][...53] [DNS][Google][Network][Acceptable][www.wireshark.org]
             idle: [.....1] [ip6][..udp] [...2001:b07:a3d:c112:b332:20d:89ab:105e][41624] -> [...................2001:4860:4860::8844][...53] [DNS][Google][Network][Acceptable]
              new: [.....5] [ip6][..udp] [...............2a03:b0c0:2:d0::360:4001][46618] -> [...................2001:4860:4860::8888][...53]
         detected: [.....5] [ip6][..udp] [...............2a03:b0c0:2:d0::360:4001][46618] -> [...................2001:4860:4860::8888][...53] [DNS][Google][Network][Acceptable][www.ntop.org]
 detection-update: [.....5] [ip6][..udp] [...............2a03:b0c0:2:d0::360:4001][46618] -> [...................2001:4860:4860::8888][...53] [DNS][Google][Network][Acceptable][www.ntop.org]
              new: [.....6] [ip6][..udp] [...............2a03:b0c0:2:d0::360:4001][44924] -> [...................2001:4860:4860::8888][...53]
         detected: [.....6] [ip6][..udp] [...............2a03:b0c0:2:d0::360:4001][44924] -> [...................2001:4860:4860::8888][...53] [DNS][Google][Network][Acceptable][www.wikipedia.it]
 detection-update: [.....6] [ip6][..udp] [...............2a03:b0c0:2:d0::360:4001][44924] -> [...................2001:4860:4860::8888][...53] [DNS][Google][Network][Acceptable][www.wikipedia.it]
              new: [.....7] [ip6][..udp] [...............2a03:b0c0:2:d0::360:4001][43660] -> [...................2001:4860:4860::8888][...53]
         detected: [.....7] [ip6][..udp] [...............2a03:b0c0:2:d0::360:4001][43660] -> [...................2001:4860:4860::8888][...53] [DNS][Google][Network][Acceptable][www.wireshark.org]
 detection-update: [.....7] [ip6][..udp] [...............2a03:b0c0:2:d0::360:4001][43660] -> [...................2001:4860:4860::8888][...53] [DNS][Google][Network][Acceptable][www.wireshark.org]
             idle: [.....2] [ip4][..udp] [...192.168.1.29][58580] -> [........8.8.4.4][...53] [DNS][Google][Network][Acceptable][www.ntop.org]
             idle: [.....3] [ip4][..udp] [...192.168.1.29][62500] -> [........8.8.4.4][...53] [DNS][Google][Network][Acceptable][www.wikipedia.it]
             idle: [.....7] [ip6][..udp] [...............2a03:b0c0:2:d0::360:4001][43660] -> [...................2001:4860:4860::8888][...53] [DNS][Google][Network][Acceptable][www.wireshark.org]
             idle: [.....6] [ip6][..udp] [...............2a03:b0c0:2:d0::360:4001][44924] -> [...................2001:4860:4860::8888][...53] [DNS][Google][Network][Acceptable][www.wikipedia.it]
             idle: [.....5] [ip6][..udp] [...............2a03:b0c0:2:d0::360:4001][46618] -> [...................2001:4860:4860::8888][...53] [DNS][Google][Network][Acceptable][www.ntop.org]
             idle: [.....4] [ip4][..udp] [...192.168.1.29][51166] -> [........8.8.4.4][...53] [DNS][Google][Network][Acceptable][www.wireshark.org]
     DAEMON-EVENT: shutdown
