     DAEMON-EVENT: init
     DAEMON-EVENT: [Processed: 0 pkts][ZLib][compressions: 0|diff: 0 / 0]
     DAEMON-EVENT: [Flows][active: 0 / 0|skipped: 0|!detected: 0|guessed: 0|detection-updates: 0|updates: 0]
              new: [.....1] [ip4][..tcp] [.192.168.12.169][.4026] -> [...192.168.12.1][...53]
         detected: [.....1] [ip4][..tcp] [.192.168.12.169][.4026] -> [...192.168.12.1][...53] [DNS][Unknown][Network][Acceptable][bstream.hzmklvdieo.com]
 detection-update: [.....1] [ip4][..tcp] [.192.168.12.169][.4026] -> [...192.168.12.1][...53] [DNS][Unknown][Network][Acceptable][bstream.hzmklvdieo.com]
     DAEMON-EVENT: [Processed: 14 pkts][ZLib][compressions: 0|diff: 0 / 0]
     DAEMON-EVENT: [Flows][active: 1 / 1|skipped: 0|!detected: 0|guessed: 0|detection-updates: 1|updates: 0]
              new: [.....2] [ip4][..udp] [.192.168.12.156][54660] -> [...192.168.12.1][...53]
         detected: [.....2] [ip4][..udp] [.192.168.12.156][54660] -> [...192.168.12.1][...53] [DNS][Unknown][Network][Acceptable][dinamicx.alibabausercontent.com]
 detection-update: [.....2] [ip4][..udp] [.192.168.12.156][54660] -> [...192.168.12.1][...53] [DNS][Unknown][Network][Acceptable][dinamicx.alibabausercontent.com]
             idle: [.....2] [ip4][..udp] [.192.168.12.156][54660] -> [...192.168.12.1][...53] [DNS][Unknown][Network][Acceptable][dinamicx.alibabausercontent.com]
              end: [.....1] [ip4][..tcp] [.192.168.12.169][.4026] -> [...192.168.12.1][...53] [DNS][Unknown][Network][Acceptable][bstream.hzmklvdieo.com]
     DAEMON-EVENT: shutdown
