     DAEMON-EVENT: init
     DAEMON-EVENT: [Processed: 0 pkts][ZLib][compressions: 0|diff: 0 / 0]
     DAEMON-EVENT: [Flows][active: 0 / 0|skipped: 0|!detected: 0|guessed: 0|detection-updates: 0|updates: 0]
              new: [.....1] [ip4][..udp] [....10.200.2.11][48375] -> [........8.8.8.8][...53]
         detected: [.....1] [ip4][..udp] [....10.200.2.11][48375] -> [........8.8.8.8][...53] [DNS][Google][Network][Acceptable][41-courier.push.apple.com]
 detection-update: [.....1] [ip4][..udp] [....10.200.2.11][48375] -> [........8.8.8.8][...53] [DNS][Google][Network][Acceptable][41-courier.push.apple.com]
              new: [.....2] [ip4][..udp] [....10.200.2.11][57290] -> [........8.8.8.8][...53]
         detected: [.....2] [ip4][..udp] [....10.200.2.11][57290] -> [........8.8.8.8][...53] [DNS][Google][Network][Acceptable][teams.skype.com]
 detection-update: [.....2] [ip4][..udp] [....10.200.2.11][57290] -> [........8.8.8.8][...53] [DNS][Google][Network][Acceptable][teams.skype.com]
              new: [.....3] [ip4][..udp] [....10.200.2.11][57051] -> [........8.8.8.8][...53]
         detected: [.....3] [ip4][..udp] [....10.200.2.11][57051] -> [........8.8.8.8][...53] [DNS][Google][Network][Acceptable][api.teams.skype.com]
 detection-update: [.....3] [ip4][..udp] [....10.200.2.11][57051] -> [........8.8.8.8][...53] [DNS][Google][Network][Acceptable][api.teams.skype.com]
              new: [.....4] [ip4][..udp] [....10.200.2.11][46134] -> [........8.8.8.8][...53]
         detected: [.....4] [ip4][..udp] [....10.200.2.11][46134] -> [........8.8.8.8][...53] [DNS][Google][Network][Acceptable][alt2-mtalk.google.com]
 detection-update: [.....4] [ip4][..udp] [....10.200.2.11][46134] -> [........8.8.8.8][...53] [DNS][Google][Network][Acceptable][alt2-mtalk.google.com]
              new: [.....5] [ip4][..udp] [....10.200.2.11][57632] -> [........8.8.8.8][...53]
         detected: [.....5] [ip4][..udp] [....10.200.2.11][57632] -> [........8.8.8.8][...53] [DNS][Google][Network][Acceptable][android.clients.google.com]
 detection-update: [.....5] [ip4][..udp] [....10.200.2.11][57632] -> [........8.8.8.8][...53] [DNS][Google][Network][Acceptable][android.clients.google.com]
              new: [.....6] [ip4][..udp] [....10.200.2.11][42790] -> [........8.8.8.8][...53]
         detected: [.....6] [ip4][..udp] [....10.200.2.11][42790] -> [........8.8.8.8][...53] [DNS][Google][Network][Acceptable][_.teams.microsoft.com]
                   RISK: Non-Printable/Invalid Chars Detected
 detection-update: [.....6] [ip4][..udp] [....10.200.2.11][42790] -> [........8.8.8.8][...53] [DNS][Google][Network][Acceptable][_.teams.microsoft.com]
                   RISK: Non-Printable/Invalid Chars Detected, Error Code
              new: [.....7] [ip4][..udp] [....10.200.2.11][44198] -> [........8.8.8.8][...53]
         detected: [.....7] [ip4][..udp] [....10.200.2.11][44198] -> [........8.8.8.8][...53] [DNS][Google][Network][Acceptable][wide-youtube.l.google.com]
 detection-update: [.....7] [ip4][..udp] [....10.200.2.11][44198] -> [........8.8.8.8][...53] [DNS][Google][Network][Acceptable][wide-youtube.l.google.com]
              new: [.....8] [ip4][..udp] [....10.200.2.11][52541] -> [........8.8.8.8][...53]
         detected: [.....8] [ip4][..udp] [....10.200.2.11][52541] -> [........8.8.8.8][...53] [DNS][Google][Network][Acceptable][guzzoni.apple.com]
 detection-update: [.....8] [ip4][..udp] [....10.200.2.11][52541] -> [........8.8.8.8][...53] [DNS][Google][Network][Acceptable][guzzoni.apple.com]
              new: [.....9] [ip4][..udp] [....10.200.2.11][53951] -> [........8.8.8.8][...53]
         detected: [.....9] [ip4][..udp] [....10.200.2.11][53951] -> [........8.8.8.8][...53] [DNS][Google][Network][Acceptable][short.weixin.qq.com]
 detection-update: [.....9] [ip4][..udp] [....10.200.2.11][53951] -> [........8.8.8.8][...53] [DNS][Google][Network][Acceptable][short.weixin.qq.com]
              new: [....10] [ip4][..udp] [....10.200.2.11][44883] -> [........8.8.8.8][...53]
         detected: [....10] [ip4][..udp] [....10.200.2.11][44883] -> [........8.8.8.8][...53] [DNS][Google][Network][Acceptable][instagram.faae1-1.fna.fbcdn.net]
 detection-update: [....10] [ip4][..udp] [....10.200.2.11][44883] -> [........8.8.8.8][...53] [DNS][Google][Network][Acceptable][instagram.faae1-1.fna.fbcdn.net]
             idle: [.....4] [ip4][..udp] [....10.200.2.11][46134] -> [........8.8.8.8][...53] [DNS][Google][Network][Acceptable][alt2-mtalk.google.com]
             idle: [.....1] [ip4][..udp] [....10.200.2.11][48375] -> [........8.8.8.8][...53] [DNS][Google][Network][Acceptable][41-courier.push.apple.com]
             idle: [.....8] [ip4][..udp] [....10.200.2.11][52541] -> [........8.8.8.8][...53] [DNS][Google][Network][Acceptable][guzzoni.apple.com]
             idle: [.....9] [ip4][..udp] [....10.200.2.11][53951] -> [........8.8.8.8][...53] [DNS][Google][Network][Acceptable][short.weixin.qq.com]
             idle: [.....3] [ip4][..udp] [....10.200.2.11][57051] -> [........8.8.8.8][...53] [DNS][Google][Network][Acceptable][api.teams.skype.com]
             idle: [.....2] [ip4][..udp] [....10.200.2.11][57290] -> [........8.8.8.8][...53] [DNS][Google][Network][Acceptable][teams.skype.com]
             idle: [.....5] [ip4][..udp] [....10.200.2.11][57632] -> [........8.8.8.8][...53] [DNS][Google][Network][Acceptable][android.clients.google.com]
             idle: [.....6] [ip4][..udp] [....10.200.2.11][42790] -> [........8.8.8.8][...53] [DNS][Google][Network][Acceptable][_.teams.microsoft.com]
                   RISK: Non-Printable/Invalid Chars Detected, Error Code
             idle: [.....7] [ip4][..udp] [....10.200.2.11][44198] -> [........8.8.8.8][...53] [DNS][Google][Network][Acceptable][wide-youtube.l.google.com]
             idle: [....10] [ip4][..udp] [....10.200.2.11][44883] -> [........8.8.8.8][...53] [DNS][Google][Network][Acceptable][instagram.faae1-1.fna.fbcdn.net]
     DAEMON-EVENT: shutdown
