     DAEMON-EVENT: init
     DAEMON-EVENT: [Processed: 0 pkts][ZLib][compressions: 0|diff: 0 / 0]
     DAEMON-EVENT: [Flows][active: 0 / 0|skipped: 0|!detected: 0|guessed: 0|detection-updates: 0|updates: 0]
              new: [.....1] [ip6][..udp] [...3ef4:2194:f4a6:3503:40cd:714:57:c4e4][64229] -> [..............2f3d:64d1:9d59:549b::200e][..443]
         detected: [.....1] [ip6][..udp] [...3ef4:2194:f4a6:3503:40cd:714:57:c4e4][64229] -> [..............2f3d:64d1:9d59:549b::200e][..443] [QUIC.PlayStore][Unknown][SoftwareUpdate][Safe][play.google.com]
             idle: [.....1] [ip6][..udp] [...3ef4:2194:f4a6:3503:40cd:714:57:c4e4][64229] -> [..............2f3d:64d1:9d59:549b::200e][..443] [QUIC.PlayStore][Unknown][SoftwareUpdate][Safe][play.google.com]
     DAEMON-EVENT: shutdown
