     DAEMON-EVENT: init
     DAEMON-EVENT: [Processed: 0 pkts][ZLib][compressions: 0|diff: 0 / 0]
     DAEMON-EVENT: [Flows][active: 0 / 0|skipped: 0|!detected: 0|guessed: 0|detection-updates: 0|updates: 0]
              new: [.....1] [ip4][..udp] [.192.168.242.50][56446] -> [239.255.255.250][.1900]
         detected: [.....1] [ip4][..udp] [.192.168.242.50][56446] -> [239.255.255.250][.1900] [SSDP][Unknown][System][Acceptable][239.255.255.250]
             idle: [.....1] [ip4][..udp] [.192.168.242.50][56446] -> [239.255.255.250][.1900] [SSDP][Unknown][System][Acceptable][239.255.255.250]
     DAEMON-EVENT: shutdown
