     DAEMON-EVENT: init
     DAEMON-EVENT: [Processed: 0 pkts][ZLib][compressions: 0|diff: 0 / 0]
     DAEMON-EVENT: [Flows][active: 0 / 0|skipped: 0|!detected: 0|guessed: 0|detection-updates: 0|updates: 0]
              new: [.....1] [ip4][..tcp] [.......10.0.0.1][31337] -> [213.199.149.251][..443] [MIDSTREAM]
         detected: [.....1] [ip4][..tcp] [.......10.0.0.1][31337] -> [213.199.149.251][..443] [TLS][Unknown][Web][Safe][ads1.msads.net]
                   RISK: Obsolete TLS (v1.1 or older)
 detection-update: [.....1] [ip4][..tcp] [.......10.0.0.1][31337] -> [213.199.149.251][..443] [TLS][Unknown][Web][Safe][ads1.msads.net]
                   RISK: Obsolete TLS (v1.1 or older), Weak TLS Cipher
 detection-update: [.....1] [ip4][..tcp] [.......10.0.0.1][31337] -> [213.199.149.251][..443] [TLS.Azure][Unknown][Cloud][Acceptable][ads1.msads.net]
                   RISK: Obsolete TLS (v1.1 or older), Weak TLS Cipher, TLS Cert Expired
             idle: [.....1] [ip4][..tcp] [.......10.0.0.1][31337] -> [213.199.149.251][..443] [TLS.Azure][Unknown][Cloud][Acceptable]
                   RISK: Obsolete TLS (v1.1 or older), Weak TLS Cipher, TLS Cert Expired
     DAEMON-EVENT: shutdown
