     DAEMON-EVENT: init
              new: [.....1] [ip4][..udp] [..192.168.1.138][60790] -> [255.255.255.255][10001]
         detected: [.....1] [ip4][..udp] [..192.168.1.138][60790] -> [255.255.255.255][10001] [UBNTAC2][Unknown][Network][Safe]
     DAEMON-EVENT: [Processed: 1 pkts][ZLib][compressions: 0|diff: 0 / 0]
     DAEMON-EVENT: [Flows][active: 1 / 1|skipped: 0|!detected: 0|guessed: 0|detection-updates: 0|updates: 0]
              new: [.....2] [ip4][..udp] [....192.168.1.1][34085] -> [255.255.255.255][10001]
         detected: [.....2] [ip4][..udp] [....192.168.1.1][34085] -> [255.255.255.255][10001] [UBNTAC2][Unknown][Network][Safe]
             idle: [.....1] [ip4][..udp] [..192.168.1.138][60790] -> [255.255.255.255][10001] [UBNTAC2][Unknown][Network][Safe]
              new: [.....3] [ip4][..udp] [....192.168.1.1][44641] -> [255.255.255.255][10001]
         detected: [.....3] [ip4][..udp] [....192.168.1.1][44641] -> [255.255.255.255][10001] [UBNTAC2][Unknown][Network][Safe]
              new: [.....4] [ip4][..udp] [....192.168.1.1][55321] -> [255.255.255.255][10001]
         detected: [.....4] [ip4][..udp] [....192.168.1.1][55321] -> [255.255.255.255][10001] [UBNTAC2][Unknown][Network][Safe]
              new: [.....5] [ip4][..udp] [....192.168.1.1][47871] -> [255.255.255.255][10001]
         detected: [.....5] [ip4][..udp] [....192.168.1.1][47871] -> [255.255.255.255][10001] [UBNTAC2][Unknown][Network][Safe]
              new: [.....6] [ip4][..udp] [....192.168.1.1][59772] -> [255.255.255.255][10001]
         detected: [.....6] [ip4][..udp] [....192.168.1.1][59772] -> [255.255.255.255][10001] [UBNTAC2][Unknown][Network][Safe]
              new: [.....7] [ip4][..udp] [....192.168.1.1][52220] -> [255.255.255.255][10001]
         detected: [.....7] [ip4][..udp] [....192.168.1.1][52220] -> [255.255.255.255][10001] [UBNTAC2][Unknown][Network][Safe]
           update: [.....2] [ip4][..udp] [....192.168.1.1][34085] -> [255.255.255.255][10001] [UBNTAC2][Unknown][Network][Safe]
              new: [.....8] [ip4][..udp] [....192.168.1.1][47746] -> [255.255.255.255][10001]
         detected: [.....8] [ip4][..udp] [....192.168.1.1][47746] -> [255.255.255.255][10001] [UBNTAC2][Unknown][Network][Safe]
           update: [.....3] [ip4][..udp] [....192.168.1.1][44641] -> [255.255.255.255][10001] [UBNTAC2][Unknown][Network][Safe]
              new: [.....9] [ip4][..udp] [....192.168.1.1][42838] -> [255.255.255.255][10001]
         detected: [.....9] [ip4][..udp] [....192.168.1.1][42838] -> [255.255.255.255][10001] [UBNTAC2][Unknown][Network][Safe]
             idle: [.....8] [ip4][..udp] [....192.168.1.1][47746] -> [255.255.255.255][10001] [UBNTAC2][Unknown][Network][Safe]
             idle: [.....5] [ip4][..udp] [....192.168.1.1][47871] -> [255.255.255.255][10001] [UBNTAC2][Unknown][Network][Safe]
             idle: [.....7] [ip4][..udp] [....192.168.1.1][52220] -> [255.255.255.255][10001] [UBNTAC2][Unknown][Network][Safe]
             idle: [.....4] [ip4][..udp] [....192.168.1.1][55321] -> [255.255.255.255][10001] [UBNTAC2][Unknown][Network][Safe]
             idle: [.....6] [ip4][..udp] [....192.168.1.1][59772] -> [255.255.255.255][10001] [UBNTAC2][Unknown][Network][Safe]
             idle: [.....2] [ip4][..udp] [....192.168.1.1][34085] -> [255.255.255.255][10001] [UBNTAC2][Unknown][Network][Safe]
             idle: [.....9] [ip4][..udp] [....192.168.1.1][42838] -> [255.255.255.255][10001] [UBNTAC2][Unknown][Network][Safe]
             idle: [.....3] [ip4][..udp] [....192.168.1.1][44641] -> [255.255.255.255][10001] [UBNTAC2][Unknown][Network][Safe]
     DAEMON-EVENT: shutdown
