Flow 1 risky: tcp 192.168.1.29:51536 -> 143.204.14.183:80
